// Jest Snapshot v1, https://goo.gl/fbAQLP

exports[`Details of country renders correctly detaails 1`] = `ShallowWrapper {}`;
